     1                                  ; VU COAL CH # 4 Q: 3 (Alternate Solution)
     2                                  
     3                                  [org 0x0100]
     4                                  
     5 00000000 E90000                      jmp start
     6                                  
     7                                      start:
     8 00000003 B8CDAB                          mov ax, 0xabcd
     9 00000006 BBF0F0                          mov bx, 1111000011110000b
    10 00000009 BA0F0F                          mov dx, 0000111100001111b
    11                                  
    12 0000000C 21C3                            and bx, ax
    13 0000000E 21C2                            and dx, ax
    14                                  
    15 00000010 C1EB04                          shr bx, 4
    16 00000013 C1E204                          shl dx, 4
    17                                  
    18 00000016 09D3                            or bx, dx
    19                                  
    20 00000018 89D8                            mov ax, bx
    21                                  
    22                                      end:
    23 0000001A B8004C                          mov ax, 4c00h
    24 0000001D CD21                            int 21h
