     1                                  ; VU COAL CH # 4 Q: 1 (Alternate Solution)
     2                                  
     3                                  [org 0x0100]
     4                                  
     5                                      start:
     6 00000000 B8CDAB                          mov ax, 0xABCD
     7 00000003 BBAAAA                          mov bx, 1010101010101010b
     8 00000006 BA5555                          mov dx, 0101010101010101b
     9                                  
    10 00000009 21C3                            and bx, ax
    11 0000000B 21C2                            and dx, ax
    12                                  
    13 0000000D D1EB                            shr bx, 1
    14 0000000F D1E2                            shl dx, 1
    15                                          
    16 00000011 09D3                            or bx, dx
    17                                  
    18 00000013 89D8                            mov ax, bx
    19                                  
    20                                      end:
    21 00000015 B8004C                          mov ax, 0x4c00
    22 00000018 CD21                            int 21h
