     1                                  ; VU COAL CH # 4 Q: 7
     2                                  
     3                                  [org 0x0100]
     4                                  
     5 00000000 E90000                      jmp start
     6                                  
     7                                      start:
     8 00000003 BBCDAB                          mov bx, 0xabcd
     9 00000006 B80700                          mov ax, 7
    10 00000009 BA0100                          mov dx, 1
    11                                  
    12 0000000C 89C1                            mov cx, ax
    13 0000000E D3E2                            shl dx, cl
    14 00000010 31D3                            xor bx, dx
    15                                  
    16                                      end:
    17 00000012 B8004C                          mov ax, 0x4c00
    18 00000015 CD21                            int 21h
    19                                  
