     1                                  [org 0x0100]
     2                                  
     3                                      start:
     4 00000000 B83412                          mov ax, 0x1234
     5 00000003 BBCDAB                  		mov bx, 0xABCD
     6 00000006 B90000                          mov cx, 0
     7                                  
     8 00000009 89DA                            mov dx, bx
     9                                  
    10                                          loop1:
    11 0000000B D1EB                                shr bx, 1
    12 0000000D 7301                                jnc skip
    13                                  
    14 0000000F 41                                      inc cx
    15                                  
    16                                              skip:
    17 00000010 81FB0000                                cmp bx, 0
    18 00000014 75F5                                    jnz loop1
    19                                  
    20 00000016 BA0100                          mov dx, 0000000000000001b
    21                                  
    22                                          loop2:
    23 00000019 81F90000                            cmp cx, 0
    24 0000001D 7407                                jz end
    25                                  
    26 0000001F 31D0                                xor ax, dx
    27                                  
    28 00000021 D1E2                                shl dx, 1
    29 00000023 49                                  dec cx
    30 00000024 EBF3                                jmp loop2
    31                                  
    32                                      end:
    33 00000026 B8004C                          mov ax, 0x4c00
    34 00000029 CD21                            int 21h
