     1                                  ; VU COAL CH # 3 Q: 4
     2                                  
     3                                  [org 0x0100]
     4                                  
     5 00000000 E91800                  jmp start
     6                                  
     7 00000003 3C0037002D003200D8-     data: dw 60, 55, 45, 50, -40, -35, 25, 30, 10, 0
     8 0000000C FFDDFF19001E000A00-
     9 00000015 0000               
    10 00000017 0000                    max_num: dw 0
    11 00000019 0000                    min_num: dw 0
    12                                  
    13                                  start:
    14                                  
    15 0000001B BB0200                  mov bx, 2
    16                                  
    17 0000001E A1[0300]                mov ax, [data]
    18 00000021 A3[1900]                mov [min_num], ax
    19 00000024 A3[1700]                mov[max_num], ax
    20                                  
    21                                  loop1:
    22 00000027 8B87[0500]                  mov ax, [data + bx + 2]
    23 0000002B 3B06[1900]                  cmp ax, [min_num]
    24 0000002F 7D03                        jnl not_min
    25                                  
    26 00000031 A3[1900]                        mov [min_num], ax
    27                                  
    28                                      not_min:
    29 00000034 3B06[1700]                      cmp ax, [max_num]
    30 00000038 7E03                            jng not_max
    31                                              
    32 0000003A A3[1700]                            mov [max_num], ax
    33                                  
    34                                      not_max:
    35                                  
    36 0000003D 81C30200                        add bx, 2
    37 00000041 81FB1200                        cmp bx, 18
    38 00000045 72E0                            jb loop1
    39                                  
    40 00000047 B8004C                  mov ax, 0x4c00
    41 0000004A CD21                    int 0x21
    42                                  
